// Jest Snapshot v1, https://goo.gl/fbAQLP

exports[`@actions/context return error for context.repo when repository doesn't exist 1`] = `"context.repo requires a GITHUB_REPOSITORY environment variable like 'owner/repo'"`;
